// Jest Snapshot v1, https://goo.gl/fbAQLP

exports[`Search input component renderly success 1`] = `
<input
  className="inputStyle"
  placeholder="Search"
/>
`;
